2026-06-01 00:05:38 [main] INFO  ServerApplication - Arrancando Messaging Server...
2026-06-01 00:06:43 [main] INFO  ServerApplication - ╔══ CONFIGURACIÓN EFECTIVA ══════════════════════════════
2026-06-01 00:06:43 [main] INFO  ServerApplication - ║  server.host       = 192.168.1.24
2026-06-01 00:06:43 [main] INFO  ServerApplication - ║  server.port       = 8081
2026-06-01 00:06:43 [main] INFO  ServerApplication - ║  cluster.nodeId    = node-1
2026-06-01 00:06:43 [main] INFO  ServerApplication - ║  cluster.port      = 9090
2026-06-01 00:06:43 [main] INFO  ServerApplication - ║  cluster.seedNodes = 
2026-06-01 00:06:43 [main] INFO  ServerApplication - ║  gateway.url       = (ninguno)
2026-06-01 00:06:43 [main] INFO  ServerApplication - ╚═══════════════════════════════════════════════════════
2026-06-01 00:06:43 [main] INFO  MySqlRepository.DatabaseInitializer - Aplicando esquema de tablas desde schema.sql...
2026-06-01 00:06:43 [main] INFO  MySqlRepository.SqlScriptRunner - Leyendo script SQL: schema.sql
2026-06-01 00:06:43 [main] INFO  MySqlRepository.SqlScriptRunner - Script schema.sql ejecutado correctamente.
2026-06-01 00:06:43 [main] INFO  MySqlRepository.DatabaseInitializer - Base de datos lista: Tablas creadas/actualizadas con éxito.
2026-06-01 00:06:44 [main] INFO  pool.ConnectionPoolManager - ConnectionPoolManager inicializado con 100 conexiones.
2026-06-01 00:06:44 [main] INFO  executor.ThreadPoolManager - ThreadPoolManager inicializado con 100 hilos.
2026-06-01 00:06:44 [main] INFO  protocolSelector.ProtocolSelector - Iniciando servicio en modo TCP...
2026-06-01 00:06:44 [main] INFO  protocolSelector.ProtocolSelector - Iniciando servicio en modo UDP...
2026-06-01 00:06:44 [Thread-TCPServer] INFO  tcpsocketserver.TCPSocketServer - TCPSocketServer escuchando en el puerto TCP: 8081
2026-06-01 00:06:44 [main] INFO  ServerApplication - ═══════════════════════════════════════════════════
2026-06-01 00:06:44 [main] INFO  ServerApplication -   MODO CLUSTER P2P HABILITADO
2026-06-01 00:06:44 [main] INFO  ServerApplication - ═══════════════════════════════════════════════════
2026-06-01 00:06:44 [Thread-UDPServer] INFO  udpsocketserver.UDPSocketServer - udpsocketserver.UDPSocketServer escuchando en el puerto UDP: 8081
2026-06-01 00:06:44 [main] INFO  ServerApplication - Identidad del nodo: Node[node-1@192.168.1.24:9090]
2026-06-01 00:06:44 [main] INFO  MessageParser.BroadcastManager - FederatedBroadcastHook configurado — broadcasts se propagarán a peers.
2026-06-01 00:06:44 [main] INFO  RequestRouter.MainRouter - MainRouter: integración P2P habilitada para nodo 'node-1'
2026-06-01 00:06:44 [Thread-GossipProtocol] INFO  discovery.GossipProtocol - GossipProtocol escuchando en UDP:9090 — NodeId: node-1
2026-06-01 00:06:44 [main] INFO  ServerApplication - Cluster P2P inicializado. Gossip UDP:9090, Peers TCP:9090
2026-06-01 00:06:44 [Thread-PeerServer] INFO  communication.PeerServer - PeerServer escuchando conexiones de peers en TCP:9090
2026-06-01 00:06:44 [main] INFO  c.u.messaging.api.SentimentApi - Iniciando SentimentApi (IA) en el puerto 15081...
2026-06-01 00:06:44 [main] INFO  io.javalin.Javalin - Starting Javalin ...
2026-06-01 00:06:44 [main] INFO  org.eclipse.jetty.server.Server - jetty-11.0.20; built: 2024-01-29T21:04:22.394Z; git: 922f8dc188f7011e60d0361de585fd4ac4d63064; jvm 21.0.11+9-LTS-211
2026-06-01 00:06:45 [main] INFO  o.e.j.s.s.DefaultSessionIdManager - Session workerName=node0
2026-06-01 00:06:45 [main] INFO  o.e.j.server.handler.ContextHandler - Started o.e.j.s.ServletContextHandler@607b2792{/,null,AVAILABLE}
2026-06-01 00:06:45 [main] INFO  o.e.jetty.server.AbstractConnector - Started ServerConnector@11963225{HTTP/1.1, (http/1.1)}{0.0.0.0:15081}
2026-06-01 00:06:45 [main] INFO  org.eclipse.jetty.server.Server - Started Server@4837595f{STARTING}[11.0.20,sto=0] @67511ms
2026-06-01 00:06:45 [main] INFO  io.javalin.Javalin - 
       __                  ___           _____
      / /___ __   ______ _/ (_)___      / ___/
 __  / / __ `/ | / / __ `/ / / __ \    / __ \
/ /_/ / /_/ /| |/ / /_/ / / / / / /   / /_/ /
\____/\__,_/ |___/\__,_/_/_/_/ /_/    \____/

       https://javalin.io/documentation

2026-06-01 00:06:45 [main] INFO  io.javalin.Javalin - Javalin started in 196ms \o/
2026-06-01 00:06:45 [main] INFO  io.javalin.Javalin - Listening on http://localhost:15081/
2026-06-01 00:06:45 [main] INFO  io.javalin.Javalin - You are running Javalin 6.1.3 (released March 2, 2024. Your Javalin version is 820 days old. Consider checking for a newer version.).
2026-06-01 00:06:45 [main] INFO  c.u.messaging.api.SentimentApi - SentimentApi inicializada correctamente en el puerto 15081
2026-06-01 01:53:33 [main] INFO  ServerApplication - Arrancando Messaging Server...
2026-06-01 01:53:39 [main] INFO  ServerApplication - ╔══ CONFIGURACIÓN EFECTIVA ══════════════════════════════
2026-06-01 01:53:39 [main] INFO  ServerApplication - ║  server.host       = 192.168.1.24
2026-06-01 01:53:39 [main] INFO  ServerApplication - ║  server.port       = 8081
2026-06-01 01:53:39 [main] INFO  ServerApplication - ║  cluster.nodeId    = node-1
2026-06-01 01:53:39 [main] INFO  ServerApplication - ║  cluster.port      = 9090
2026-06-01 01:53:39 [main] INFO  ServerApplication - ║  cluster.seedNodes = 
2026-06-01 01:53:39 [main] INFO  ServerApplication - ║  gateway.url       = (ninguno)
2026-06-01 01:53:39 [main] INFO  ServerApplication - ╚═══════════════════════════════════════════════════════
2026-06-01 01:53:40 [main] INFO  MySqlRepository.DatabaseInitializer - Aplicando esquema de tablas desde schema.sql...
2026-06-01 01:53:40 [main] INFO  MySqlRepository.SqlScriptRunner - Leyendo script SQL: schema.sql
2026-06-01 01:53:40 [main] INFO  MySqlRepository.SqlScriptRunner - Script schema.sql ejecutado correctamente.
2026-06-01 01:53:40 [main] INFO  MySqlRepository.DatabaseInitializer - Base de datos lista: Tablas creadas/actualizadas con éxito.
2026-06-01 01:53:40 [main] INFO  pool.ConnectionPoolManager - ConnectionPoolManager inicializado con 100 conexiones.
2026-06-01 01:53:40 [main] INFO  executor.ThreadPoolManager - ThreadPoolManager inicializado con 100 hilos.
2026-06-01 01:53:40 [main] INFO  protocolSelector.ProtocolSelector - Iniciando servicio en modo TCP...
2026-06-01 01:53:40 [main] INFO  protocolSelector.ProtocolSelector - Iniciando servicio en modo UDP...
2026-06-01 01:53:40 [Thread-TCPServer] INFO  tcpsocketserver.TCPSocketServer - TCPSocketServer escuchando en el puerto TCP: 8081
2026-06-01 01:53:40 [main] INFO  ServerApplication - ═══════════════════════════════════════════════════
2026-06-01 01:53:40 [main] INFO  ServerApplication -   MODO CLUSTER P2P HABILITADO
2026-06-01 01:53:40 [main] INFO  ServerApplication - ═══════════════════════════════════════════════════
2026-06-01 01:53:40 [main] INFO  ServerApplication - Identidad del nodo: Node[node-1@192.168.1.24:9090]
2026-06-01 01:53:40 [Thread-UDPServer] INFO  udpsocketserver.UDPSocketServer - udpsocketserver.UDPSocketServer escuchando en el puerto UDP: 8081
2026-06-01 01:53:40 [main] INFO  MessageParser.BroadcastManager - FederatedBroadcastHook configurado — broadcasts se propagarán a peers.
2026-06-01 01:53:40 [main] INFO  RequestRouter.MainRouter - MainRouter: integración P2P habilitada para nodo 'node-1'
2026-06-01 01:53:40 [Thread-GossipProtocol] INFO  discovery.GossipProtocol - GossipProtocol escuchando en UDP:9090 — NodeId: node-1
2026-06-01 01:53:40 [main] INFO  ServerApplication - Cluster P2P inicializado. Gossip UDP:9090, Peers TCP:9090
2026-06-01 01:53:40 [Thread-PeerServer] INFO  communication.PeerServer - PeerServer escuchando conexiones de peers en TCP:9090
2026-06-01 01:53:40 [main] INFO  c.u.messaging.api.SentimentApi - Iniciando SentimentApi (IA) en el puerto 9090...
2026-06-01 01:53:41 [main] INFO  io.javalin.Javalin - Starting Javalin ...
2026-06-01 01:53:41 [main] INFO  org.eclipse.jetty.server.Server - jetty-11.0.20; built: 2024-01-29T21:04:22.394Z; git: 922f8dc188f7011e60d0361de585fd4ac4d63064; jvm 21.0.11+9-LTS-211
2026-06-01 01:53:41 [main] ERROR io.javalin.Javalin - Failed to start Javalin
2026-06-01 01:53:41 [main] INFO  org.eclipse.jetty.server.Server - Stopped Server@7cc9ce8{STOPPING}[11.0.20,sto=0]
2026-06-01 01:53:41 [main] ERROR c.u.messaging.api.SentimentApi - Error crítico al iniciar SentimentApi.
io.javalin.util.JavalinBindException: Port already in use. Make sure no other process is using port 9090 and try again.
	at io.javalin.jetty.JettyServer.start(JettyServer.kt:101)
	at io.javalin.Javalin.start(Javalin.java:123)
	at com.universidad.messaging.api.SentimentApi.startApi(SentimentApi.java:36)
	at ServerApplication.main(ServerApplication.java:315)
Caused by: java.io.IOException: Failed to bind to 0.0.0.0/0.0.0.0:9090
	at org.eclipse.jetty.server.ServerConnector.openAcceptChannel(ServerConnector.java:344)
	at org.eclipse.jetty.server.ServerConnector.open(ServerConnector.java:304)
	at org.eclipse.jetty.server.Server.lambda$doStart$0(Server.java:402)
	at java.base/java.util.stream.ForEachOps$ForEachOp$OfRef.accept(ForEachOps.java:184)
	at java.base/java.util.stream.ReferencePipeline$3$1.accept(ReferencePipeline.java:197)
	at java.base/java.util.stream.ReferencePipeline$2$1.accept(ReferencePipeline.java:179)
	at java.base/java.util.Spliterators$ArraySpliterator.forEachRemaining(Spliterators.java:1024)
	at java.base/java.util.stream.AbstractPipeline.copyInto(AbstractPipeline.java:509)
	at java.base/java.util.stream.AbstractPipeline.wrapAndCopyInto(AbstractPipeline.java:499)
	at java.base/java.util.stream.ForEachOps$ForEachOp.evaluateSequential(ForEachOps.java:151)
	at java.base/java.util.stream.ForEachOps$ForEachOp$OfRef.evaluateSequential(ForEachOps.java:174)
	at java.base/java.util.stream.AbstractPipeline.evaluate(AbstractPipeline.java:234)
	at java.base/java.util.stream.ReferencePipeline.forEach(ReferencePipeline.java:596)
	at org.eclipse.jetty.server.Server.doStart(Server.java:398)
	at org.eclipse.jetty.util.component.AbstractLifeCycle.start(AbstractLifeCycle.java:93)
	at io.javalin.jetty.JettyServer.start(JettyServer.kt:93)
	... 3 common frames omitted
Caused by: java.net.BindException: Address already in use: bind
	at java.base/sun.nio.ch.Net.bind0(Native Method)
	at java.base/sun.nio.ch.Net.bind(Net.java:573)
	at java.base/sun.nio.ch.ServerSocketChannelImpl.netBind(ServerSocketChannelImpl.java:344)
	at java.base/sun.nio.ch.ServerSocketChannelImpl.bind(ServerSocketChannelImpl.java:301)
	at org.eclipse.jetty.server.ServerConnector.openAcceptChannel(ServerConnector.java:339)
	... 18 common frames omitted
2026-06-01 01:55:13 [main] INFO  ServerApplication - Arrancando Messaging Server...
2026-06-01 01:56:51 [main] INFO  ServerApplication - ╔══ CONFIGURACIÓN EFECTIVA ══════════════════════════════
2026-06-01 01:56:51 [main] INFO  ServerApplication - ║  server.host       = 192.168.1.24
2026-06-01 01:56:51 [main] INFO  ServerApplication - ║  server.port       = 8081
2026-06-01 01:56:51 [main] INFO  ServerApplication - ║  cluster.nodeId    = node-1
2026-06-01 01:56:51 [main] INFO  ServerApplication - ║  cluster.port      = 9090
2026-06-01 01:56:51 [main] INFO  ServerApplication - ║  cluster.seedNodes = 
2026-06-01 01:56:51 [main] INFO  ServerApplication - ║  gateway.url       = (ninguno)
2026-06-01 01:56:51 [main] INFO  ServerApplication - ╚═══════════════════════════════════════════════════════
2026-06-01 01:56:51 [main] INFO  MySqlRepository.DatabaseInitializer - Aplicando esquema de tablas desde schema.sql...
2026-06-01 01:56:51 [main] INFO  MySqlRepository.SqlScriptRunner - Leyendo script SQL: schema.sql
2026-06-01 01:56:52 [main] INFO  MySqlRepository.SqlScriptRunner - Script schema.sql ejecutado correctamente.
2026-06-01 01:56:52 [main] INFO  MySqlRepository.DatabaseInitializer - Base de datos lista: Tablas creadas/actualizadas con éxito.
2026-06-01 01:56:52 [main] INFO  pool.ConnectionPoolManager - ConnectionPoolManager inicializado con 100 conexiones.
2026-06-01 01:56:52 [main] INFO  executor.ThreadPoolManager - ThreadPoolManager inicializado con 100 hilos.
2026-06-01 01:56:52 [main] INFO  protocolSelector.ProtocolSelector - Iniciando servicio en modo TCP...
2026-06-01 01:56:52 [main] INFO  protocolSelector.ProtocolSelector - Iniciando servicio en modo UDP...
2026-06-01 01:56:52 [Thread-TCPServer] INFO  tcpsocketserver.TCPSocketServer - TCPSocketServer escuchando en el puerto TCP: 8081
2026-06-01 01:56:52 [main] INFO  ServerApplication - ═══════════════════════════════════════════════════
2026-06-01 01:56:52 [main] INFO  ServerApplication -   MODO CLUSTER P2P HABILITADO
2026-06-01 01:56:52 [main] INFO  ServerApplication - ═══════════════════════════════════════════════════
2026-06-01 01:56:52 [Thread-UDPServer] INFO  udpsocketserver.UDPSocketServer - udpsocketserver.UDPSocketServer escuchando en el puerto UDP: 8081
2026-06-01 01:56:52 [main] INFO  ServerApplication - Identidad del nodo: Node[node-1@192.168.1.24:9090]
2026-06-01 01:56:52 [main] INFO  MessageParser.BroadcastManager - FederatedBroadcastHook configurado — broadcasts se propagarán a peers.
2026-06-01 01:56:52 [main] INFO  RequestRouter.MainRouter - MainRouter: integración P2P habilitada para nodo 'node-1'
2026-06-01 01:56:52 [Thread-GossipProtocol] INFO  discovery.GossipProtocol - GossipProtocol escuchando en UDP:9090 — NodeId: node-1
2026-06-01 01:56:52 [main] INFO  ServerApplication - Cluster P2P inicializado. Gossip UDP:9090, Peers TCP:9090
2026-06-01 01:56:52 [Thread-PeerServer] INFO  communication.PeerServer - PeerServer escuchando conexiones de peers en TCP:9090
2026-06-01 01:56:52 [main] INFO  c.u.messaging.api.SentimentApi - Iniciando SentimentApi (IA) en el puerto 9000...
2026-06-01 01:56:53 [main] INFO  io.javalin.Javalin - Starting Javalin ...
2026-06-01 01:56:53 [main] INFO  org.eclipse.jetty.server.Server - jetty-11.0.20; built: 2024-01-29T21:04:22.394Z; git: 922f8dc188f7011e60d0361de585fd4ac4d63064; jvm 21.0.11+9-LTS-211
2026-06-01 01:56:53 [main] INFO  o.e.j.s.s.DefaultSessionIdManager - Session workerName=node0
2026-06-01 01:56:53 [main] INFO  o.e.j.server.handler.ContextHandler - Started o.e.j.s.ServletContextHandler@6a9287b1{/,null,AVAILABLE}
2026-06-01 01:56:53 [main] INFO  o.e.jetty.server.AbstractConnector - Started ServerConnector@41de5768{HTTP/1.1, (http/1.1)}{0.0.0.0:9000}
2026-06-01 01:56:53 [main] INFO  org.eclipse.jetty.server.Server - Started Server@704b2127{STARTING}[11.0.20,sto=0] @101023ms
2026-06-01 01:56:53 [main] INFO  io.javalin.Javalin - 
       __                  ___           _____
      / /___ __   ______ _/ (_)___      / ___/
 __  / / __ `/ | / / __ `/ / / __ \    / __ \
/ /_/ / /_/ /| |/ / /_/ / / / / / /   / /_/ /
\____/\__,_/ |___/\__,_/_/_/_/ /_/    \____/

       https://javalin.io/documentation

2026-06-01 01:56:53 [main] INFO  io.javalin.Javalin - Javalin started in 209ms \o/
2026-06-01 01:56:53 [main] INFO  io.javalin.Javalin - Listening on http://localhost:9000/
2026-06-01 01:56:53 [main] INFO  io.javalin.Javalin - You are running Javalin 6.1.3 (released March 2, 2024. Your Javalin version is 820 days old. Consider checking for a newer version.).
2026-06-01 01:56:53 [main] INFO  c.u.messaging.api.SentimentApi - SentimentApi inicializada correctamente en el puerto 9000
